
◆  Rendering local-or-router-short → D:\Project\Javascript\hyperframes-channel\videos\local-or-router-short\local-or-router-short.mp4
   30fps · high · auto workers (16 cores detected)
   GPU: browser GPU (auto-detect)

[?25l|
•  Checking browser[1G[Jo  Checking browser[1G[Jo  Browser: cache
[?25h
  ⚠ [index.html] duplicate_audio_track: Multiple <audio> elements on track 10 overlap (.media/audio/voice/line-5.wav at 27.306667-32.9s, .media/audio/voice/line-6.wav at 32.879456-38.8s). This causes layered audio playback.
    Fix: Use non-overlapping time windows or different track indices.
  Continuing render despite lint issues. Use --strict to block errors.

[INFO] [Render] Pipeline started {"renderJobId":"31a0f016-e5d7-48fe-b6ef-14d488b6a761","platform":"win32","arch":"x64","nodeVersion":"v24.6.0","fps":{"num":30,"den":1},"format":"mp4","quality":"high","browserGpuMode":"auto","forceScreenshot":false,"protocolTimeout":300000,"browserTimeout":120000,"pageNavigationTimeout":60000,"playerReadyTimeout":45000}
[INFO] [Render:trace] {"renderJobId":"31a0f016-e5d7-48fe-b6ef-14d488b6a761","phase":"pipeline","status":"checkpoint","elapsedMs":4,"message":"started","format":"mp4","quality":"high","browserGpuMode":"auto","forceScreenshot":false,"protocolTimeoutMs":300000,"pageNavigationTimeoutMs":60000,"playerReadyTimeoutMs":45000,"requestedWorkers":"auto"}
[INFO] [Render:trace] {"renderJobId":"31a0f016-e5d7-48fe-b6ef-14d488b6a761","phase":"compile","status":"start","elapsedMs":6,"needsAlpha":false}
  █░░░░░░░░░░░░░░░░░░░░░░░░  5%  Compiling composition
[INFO] [Compiler] Fetched 11 font face(s) for "Inter" from Google Fonts (cached to C:\Users\Dave\.cache\hyperframes\fonts\inter)
[INFO] [Compiler] Fetched 11 font face(s) for "Inter" from Google Fonts (cached to C:\Users\Dave\.cache\hyperframes\fonts\inter)
[INFO] [Compiler] Injected deterministic @font-face rules for 2 requested font families
[INFO] Compiled composition metadata {"renderJobId":"31a0f016-e5d7-48fe-b6ef-14d488b6a761","entryFile":"index.html","staticDuration":45.90585,"width":1080,"height":1920,"videoCount":0,"audioCount":7,"renderModeHints":{"recommendScreenshot":false,"reasons":[]}}
[INFO] [Render:trace] {"renderJobId":"31a0f016-e5d7-48fe-b6ef-14d488b6a761","phase":"compile","status":"end","elapsedMs":844,"durationMs":837,"needsAlpha":false}
[INFO] [Render:trace] {"renderJobId":"31a0f016-e5d7-48fe-b6ef-14d488b6a761","phase":"compile","status":"checkpoint","elapsedMs":846,"message":"composition metadata resolved","width":1080,"height":1920,"videoCount":0,"audioCount":7,"imageCount":0,"deviceScaleFactor":1,"forceScreenshot":false,"compositionHash":"7da379930a33c2ee"}
[INFO] [Render:trace] {"renderJobId":"31a0f016-e5d7-48fe-b6ef-14d488b6a761","phase":"browser_probe","status":"start","elapsedMs":847,"forceScreenshot":false,"stagePhase":"calibrating"}
[INFO] [Render:trace] {"renderJobId":"31a0f016-e5d7-48fe-b6ef-14d488b6a761","phase":"browser_probe","status":"end","elapsedMs":1130,"durationMs":283,"forceScreenshot":false,"stagePhase":"calibrating"}
[INFO] [Render:trace] {"renderJobId":"31a0f016-e5d7-48fe-b6ef-14d488b6a761","phase":"browser_probe","status":"checkpoint","elapsedMs":1132,"message":"duration resolved","durationSeconds":45.90585,"totalFrames":1378,"compositionHash":"7da379930a33c2ee","beginFrameStalled":false}
[INFO] [Render:trace] {"renderJobId":"31a0f016-e5d7-48fe-b6ef-14d488b6a761","phase":"video_extract","status":"start","elapsedMs":1132,"videoCount":0}
[INFO] [Render:trace] {"renderJobId":"31a0f016-e5d7-48fe-b6ef-14d488b6a761","phase":"video_extract","status":"end","elapsedMs":1133,"durationMs":0,"videoCount":0}
  ██░░░░░░░░░░░░░░░░░░░░░░░  10%  Extracting video frames
[INFO] [Render:trace] {"renderJobId":"31a0f016-e5d7-48fe-b6ef-14d488b6a761","phase":"video_extract","status":"checkpoint","elapsedMs":1140,"message":"frames resolved","videoCount":0,"extractedVideoCount":0,"totalFramesExtracted":0,"maxFramesPerVideo":0,"avgFramesPerExtractedVideo":null,"vfrPreflightCount":null,"vfrPreflightMs":null,"cacheHits":null,"cacheMisses":null,"transientRetries":null,"minVideoFrameCoverageRatio":null,"authoredTimedClipCount":21}
[INFO] [Render] No HDR sources detected — rendering SDR {"renderJobId":"31a0f016-e5d7-48fe-b6ef-14d488b6a761"}
[INFO] [Render:trace] {"renderJobId":"31a0f016-e5d7-48fe-b6ef-14d488b6a761","phase":"hdr_detection","status":"checkpoint","elapsedMs":1140,"message":"resolved","requestedHdrMode":"auto","effectiveHdr":"sdr","nativeHdrVideoCount":0,"nativeHdrImageCount":0}
[INFO] [Render:trace] {"renderJobId":"31a0f016-e5d7-48fe-b6ef-14d488b6a761","phase":"audio_process","status":"start","elapsedMs":1141,"audioCount":7}
  █████░░░░░░░░░░░░░░░░░░░░  20%  Processing audio tracks
[INFO] [Render:trace] {"renderJobId":"31a0f016-e5d7-48fe-b6ef-14d488b6a761","phase":"audio_process","status":"end","elapsedMs":3951,"durationMs":2810,"audioCount":7}
[INFO] [Render:trace] {"renderJobId":"31a0f016-e5d7-48fe-b6ef-14d488b6a761","phase":"file_server","status":"start","elapsedMs":3951,"reused":false}
  ██████░░░░░░░░░░░░░░░░░░░  25%  Starting frame capture
[INFO] [Render:trace] {"renderJobId":"31a0f016-e5d7-48fe-b6ef-14d488b6a761","phase":"file_server","status":"end","elapsedMs":3963,"durationMs":12}
[hyperframes] browserGpuMode probe → hardware (WebGL renderer vendor="Google Inc. (NVIDIA)" renderer="ANGLE (NVIDIA, NVIDIA GeForce GTX 1650 SUPER (0x00002187) Direct3D11 vs_5_0 ps_5_0, D3D11)")
[INFO] [Render:trace] {"renderJobId":"31a0f016-e5d7-48fe-b6ef-14d488b6a761","phase":"capture_calibration","status":"checkpoint","elapsedMs":4754,"message":"skipped","requestedWorkers":"auto","totalFrames":1378,"htmlInCanvasDetected":false,"lowMemoryMode":false,"deInversionEligible":true,"deParallelRouterEligible":true}
[WARN] [Render] 6 capture workers may exceed this process's V8 heap (limit 4288MB supports ~5). If the render dies with "JavaScript heap out of memory", raise the heap (NODE_OPTIONS=--max-old-space-size=8192) or pass --workers 5. {"renderJobId":"31a0f016-e5d7-48fe-b6ef-14d488b6a761","heapLimitMb":4288,"heapBasedWorkers":5}
[INFO] [Render] Fast capture: verified parallel drawElement streaming preferred over single-worker inversion (1378 frames >= 700; benchmark-validated at 3 workers, pinned regardless of calibration). Set HF_DE_PARALLEL_ROUTER=false or --workers N to override. {"renderJobId":"31a0f016-e5d7-48fe-b6ef-14d488b6a761"}
[INFO] [Render:trace] {"renderJobId":"31a0f016-e5d7-48fe-b6ef-14d488b6a761","phase":"worker_resolution","status":"checkpoint","elapsedMs":4757,"message":"resolved","workerCount":3}
[INFO] streaming-encode gate {"renderJobId":"31a0f016-e5d7-48fe-b6ef-14d488b6a761","enabled":true,"configFlag":true,"outputFormat":"mp4","workerCount":3,"durationSeconds":45.90585,"maxDurationSeconds":240}
[INFO] [Render:trace] {"renderJobId":"31a0f016-e5d7-48fe-b6ef-14d488b6a761","phase":"capture_strategy","status":"checkpoint","elapsedMs":4758,"message":"resolved","workerCount":3,"forceScreenshot":false,"captureBeyondViewport":null,"useStreamingEncode":true,"useLayeredComposite":false,"usePageSideCompositing":false,"hasHdrContent":false,"hasShaderTransitions":false,"isPngSequence":false}
[INFO] [Render:trace] {"renderJobId":"31a0f016-e5d7-48fe-b6ef-14d488b6a761","phase":"capture_streaming","status":"start","elapsedMs":4759,"stagePhase":"capturing","workerCount":3,"forceScreenshot":false,"totalFrames":1378,"framesCompleted":0,"captureMode":"drawelement","captureOperation":"drawElement"}
[INFO] [Render] Parallel capture worker phase {"renderJobId":"31a0f016-e5d7-48fe-b6ef-14d488b6a761","workerId":0,"phase":"browser_launch","browserExecutable":"C:\\Users\\Dave\\.cache\\hyperframes\\chrome\\chrome-headless-shell\\win64-152.0.7977.30\\chrome-headless-shell-win64\\chrome-headless-shell.exe","browserVersion":"unknown","canvasDrawElement":"unknown","gpuBackend":"unknown"}
[INFO] [Render] Parallel capture worker phase {"renderJobId":"31a0f016-e5d7-48fe-b6ef-14d488b6a761","workerId":1,"phase":"browser_launch","browserExecutable":"C:\\Users\\Dave\\.cache\\hyperframes\\chrome\\chrome-headless-shell\\win64-152.0.7977.30\\chrome-headless-shell-win64\\chrome-headless-shell.exe","browserVersion":"unknown","canvasDrawElement":"unknown","gpuBackend":"unknown"}
[INFO] [Render] Parallel capture worker phase {"renderJobId":"31a0f016-e5d7-48fe-b6ef-14d488b6a761","workerId":2,"phase":"browser_launch","browserExecutable":"C:\\Users\\Dave\\.cache\\hyperframes\\chrome\\chrome-headless-shell\\win64-152.0.7977.30\\chrome-headless-shell-win64\\chrome-headless-shell.exe","browserVersion":"unknown","canvasDrawElement":"unknown","gpuBackend":"unknown"}
[BrowserManager] Browser launched (HeadlessChrome/152.0.7977.30, screenshot, gl=--use-gl=angle --use-angle=d3d11, headlessShell=true, platform=win32)
[BrowserManager] Browser launched (HeadlessChrome/152.0.7977.30, screenshot, gl=--use-gl=angle --use-angle=d3d11, headlessShell=true, platform=win32)
[BrowserManager] Browser launched (HeadlessChrome/152.0.7977.30, screenshot, gl=--use-gl=angle --use-angle=d3d11, headlessShell=true, platform=win32)
[INFO] [Render] Parallel capture worker phase {"renderJobId":"31a0f016-e5d7-48fe-b6ef-14d488b6a761","workerId":2,"phase":"browser_probe","browserExecutable":"C:\\Users\\Dave\\.cache\\hyperframes\\chrome\\chrome-headless-shell\\win64-152.0.7977.30\\chrome-headless-shell-win64\\chrome-headless-shell.exe","browserVersion":"unknown","canvasDrawElement":"unknown","gpuBackend":"unknown"}
[INFO] [Render] Parallel capture worker phase {"renderJobId":"31a0f016-e5d7-48fe-b6ef-14d488b6a761","workerId":2,"phase":"session_init","browserExecutable":"C:\\Users\\Dave\\.cache\\hyperframes\\chrome\\chrome-headless-shell\\win64-152.0.7977.30\\chrome-headless-shell-win64\\chrome-headless-shell.exe","browserVersion":"HeadlessChrome/152.0.7977.30","canvasDrawElement":"unknown","gpuBackend":"unknown"}
[initSession:screenshot] page.goto start (1ms)
[INFO] [Render] Parallel capture worker phase {"renderJobId":"31a0f016-e5d7-48fe-b6ef-14d488b6a761","workerId":0,"phase":"browser_probe","browserExecutable":"C:\\Users\\Dave\\.cache\\hyperframes\\chrome\\chrome-headless-shell\\win64-152.0.7977.30\\chrome-headless-shell-win64\\chrome-headless-shell.exe","browserVersion":"unknown","canvasDrawElement":"unknown","gpuBackend":"unknown"}
[INFO] [Render] Parallel capture worker phase {"renderJobId":"31a0f016-e5d7-48fe-b6ef-14d488b6a761","workerId":0,"phase":"session_init","browserExecutable":"C:\\Users\\Dave\\.cache\\hyperframes\\chrome\\chrome-headless-shell\\win64-152.0.7977.30\\chrome-headless-shell-win64\\chrome-headless-shell.exe","browserVersion":"HeadlessChrome/152.0.7977.30","canvasDrawElement":"unknown","gpuBackend":"unknown"}
[initSession:screenshot] page.goto start (0ms)
[INFO] [Render] Parallel capture worker phase {"renderJobId":"31a0f016-e5d7-48fe-b6ef-14d488b6a761","workerId":1,"phase":"browser_probe","browserExecutable":"C:\\Users\\Dave\\.cache\\hyperframes\\chrome\\chrome-headless-shell\\win64-152.0.7977.30\\chrome-headless-shell-win64\\chrome-headless-shell.exe","browserVersion":"unknown","canvasDrawElement":"unknown","gpuBackend":"unknown"}
[INFO] [Render] Parallel capture worker phase {"renderJobId":"31a0f016-e5d7-48fe-b6ef-14d488b6a761","workerId":1,"phase":"session_init","browserExecutable":"C:\\Users\\Dave\\.cache\\hyperframes\\chrome\\chrome-headless-shell\\win64-152.0.7977.30\\chrome-headless-shell-win64\\chrome-headless-shell.exe","browserVersion":"HeadlessChrome/152.0.7977.30","canvasDrawElement":"unknown","gpuBackend":"unknown"}
[initSession:screenshot] page.goto start (0ms)
[HyperFrames] render runtime fps [object Object]
[HyperFrames] render runtime fps [object Object]
[HyperFrames] render runtime fps [object Object]
[initSession:screenshot] page.goto complete (912ms)
[initSession:screenshot] page.goto complete (967ms)
[initSession:screenshot] page.goto complete (985ms)
[initSession:screenshot] GSAP proxy flush complete (1113ms)
[initSession:screenshot] GSAP proxy flush complete (1102ms)
[initSession:screenshot] GSAP proxy flush complete (1178ms)
[initSession:screenshot] pollHfReady complete (1167ms)
[initSession:screenshot] pollHfReady complete (1188ms)
[initSession:screenshot] pollHfReady complete (1116ms)
[initSession:screenshot] pollSubCompositionTimelines complete (ready) (1195ms)
[initSession:screenshot] applyVideoMetadataHints complete (1195ms)
[initSession:screenshot] pollSubCompositionTimelines complete (ready) (1180ms)
[initSession:screenshot] applyVideoMetadataHints complete (1180ms)
[initSession:screenshot] pollSubCompositionTimelines complete (ready) (1127ms)
[initSession:screenshot] applyVideoMetadataHints complete (1128ms)
[initSession:screenshot] media + fonts + tailwind ready (1212ms)
[initSession:screenshot] media + fonts + tailwind ready (1141ms)
[initSession:screenshot] media + fonts + tailwind ready (1196ms)
[initSession:screenshot] timeline at-risk predictor: 0/1378 frames (0%) (1335ms)
[initSession:screenshot] timeline at-risk predictor: 0/1378 frames (0%) (1282ms)
[initSession:screenshot] timeline at-risk predictor: 0/1378 frames (0%) (1355ms)
[initSession:screenshot] static-frame dedup: disabled (verification mismatch at predicted-static frame 656) (2209ms)
[initSession:screenshot] static-frame dedup: disabled (verification mismatch at predicted-static frame 656) (2208ms)
[initSession:screenshot] static-frame dedup: disabled (verification mismatch at predicted-static frame 656) (2170ms)
[initSession:screenshot] drawElement self-verify armed: 8 ground-truth frame(s) @ [172, 344, 516, 689, 861, 1033, 1205, 1308] of 1377 (3328ms)
[initSession:drawelement] drawElement canvas injected (3337ms)
[initSession:drawelement] screenshot fallback: 37 clip-boundary frame(s) (3343ms)
[initSession:drawelement] drawElement worker encode initialized (3350ms)
[INFO] [Render] Parallel capture worker phase {"renderJobId":"31a0f016-e5d7-48fe-b6ef-14d488b6a761","workerId":0,"phase":"frame_capture","frameIndex":0,"browserExecutable":"C:\\Users\\Dave\\.cache\\hyperframes\\chrome\\chrome-headless-shell\\win64-152.0.7977.30\\chrome-headless-shell-win64\\chrome-headless-shell.exe","browserVersion":"HeadlessChrome/152.0.7977.30","canvasDrawElement":true,"gpuBackend":"d3d11/nvidia"}
[initSession:screenshot] drawElement self-verify armed: 8 ground-truth frame(s) @ [172, 344, 516, 689, 861, 1033, 1205, 1308] of 1377 (3384ms)
[initSession:drawelement] drawElement canvas injected (3387ms)
[initSession:drawelement] screenshot fallback: 37 clip-boundary frame(s) (3391ms)
[initSession:drawelement] drawElement worker encode initialized (3409ms)
[INFO] [Render] Parallel capture worker phase {"renderJobId":"31a0f016-e5d7-48fe-b6ef-14d488b6a761","workerId":2,"phase":"frame_capture","frameIndex":2,"browserExecutable":"C:\\Users\\Dave\\.cache\\hyperframes\\chrome\\chrome-headless-shell\\win64-152.0.7977.30\\chrome-headless-shell-win64\\chrome-headless-shell.exe","browserVersion":"HeadlessChrome/152.0.7977.30","canvasDrawElement":true,"gpuBackend":"d3d11/nvidia"}
[INFO] [Render] Parallel capture worker phase {"renderJobId":"31a0f016-e5d7-48fe-b6ef-14d488b6a761","workerId":0,"phase":"frame_capture","frameIndex":3,"browserExecutable":"C:\\Users\\Dave\\.cache\\hyperframes\\chrome\\chrome-headless-shell\\win64-152.0.7977.30\\chrome-headless-shell-win64\\chrome-headless-shell.exe","browserVersion":"HeadlessChrome/152.0.7977.30","canvasDrawElement":true,"gpuBackend":"d3d11/nvidia"}
[INFO] [Render] Parallel capture worker phase {"renderJobId":"31a0f016-e5d7-48fe-b6ef-14d488b6a761","workerId":0,"phase":"frame_encode","frameIndex":0,"browserExecutable":"C:\\Users\\Dave\\.cache\\hyperframes\\chrome\\chrome-headless-shell\\win64-152.0.7977.30\\chrome-headless-shell-win64\\chrome-headless-shell.exe","browserVersion":"HeadlessChrome/152.0.7977.30","canvasDrawElement":true,"gpuBackend":"d3d11/nvidia"}
[INFO] [Render] Parallel capture worker phase {"renderJobId":"31a0f016-e5d7-48fe-b6ef-14d488b6a761","workerId":2,"phase":"frame_capture","frameIndex":5,"browserExecutable":"C:\\Users\\Dave\\.cache\\hyperframes\\chrome\\chrome-headless-shell\\win64-152.0.7977.30\\chrome-headless-shell-win64\\chrome-headless-shell.exe","browserVersion":"HeadlessChrome/152.0.7977.30","canvasDrawElement":true,"gpuBackend":"d3d11/nvidia"}
[initSession:screenshot] drawElement self-verify armed: 8 ground-truth frame(s) @ [172, 344, 516, 689, 861, 1033, 1205, 1308] of 1377 (3382ms)
[INFO] [Render] Parallel capture worker phase {"renderJobId":"31a0f016-e5d7-48fe-b6ef-14d488b6a761","workerId":2,"phase":"frame_encode","frameIndex":2,"browserExecutable":"C:\\Users\\Dave\\.cache\\hyperframes\\chrome\\chrome-headless-shell\\win64-152.0.7977.30\\chrome-headless-shell-win64\\chrome-headless-shell.exe","browserVersion":"HeadlessChrome/152.0.7977.30","canvasDrawElement":true,"gpuBackend":"d3d11/nvidia"}
[initSession:drawelement] drawElement canvas injected (3385ms)
[initSession:drawelement] screenshot fallback: 37 clip-boundary frame(s) (3387ms)
[initSession:drawelement] drawElement worker encode initialized (3391ms)
[INFO] [Render] Parallel capture worker phase {"renderJobId":"31a0f016-e5d7-48fe-b6ef-14d488b6a761","workerId":1,"phase":"frame_capture","frameIndex":1,"browserExecutable":"C:\\Users\\Dave\\.cache\\hyperframes\\chrome\\chrome-headless-shell\\win64-152.0.7977.30\\chrome-headless-shell-win64\\chrome-headless-shell.exe","browserVersion":"HeadlessChrome/152.0.7977.30","canvasDrawElement":true,"gpuBackend":"d3d11/nvidia"}
[INFO] [Render] Parallel capture worker phase {"renderJobId":"31a0f016-e5d7-48fe-b6ef-14d488b6a761","workerId":1,"phase":"frame_capture","frameIndex":4,"browserExecutable":"C:\\Users\\Dave\\.cache\\hyperframes\\chrome\\chrome-headless-shell\\win64-152.0.7977.30\\chrome-headless-shell-win64\\chrome-headless-shell.exe","browserVersion":"HeadlessChrome/152.0.7977.30","canvasDrawElement":true,"gpuBackend":"d3d11/nvidia"}
[INFO] [Render] Parallel capture worker phase {"renderJobId":"31a0f016-e5d7-48fe-b6ef-14d488b6a761","workerId":1,"phase":"frame_encode","frameIndex":1,"browserExecutable":"C:\\Users\\Dave\\.cache\\hyperframes\\chrome\\chrome-headless-shell\\win64-152.0.7977.30\\chrome-headless-shell-win64\\chrome-headless-shell.exe","browserVersion":"HeadlessChrome/152.0.7977.30","canvasDrawElement":true,"gpuBackend":"d3d11/nvidia"}
  ██████░░░░░░░░░░░░░░░░░░░  26%  Streaming frame 30/1378 (3 workers)
  ██████░░░░░░░░░░░░░░░░░░░  27%  Streaming frame 60/1378 (3 workers)
  ███████░░░░░░░░░░░░░░░░░░  29%  Streaming frame 90/1378 (3 workers)
  ███████░░░░░░░░░░░░░░░░░░  30%  Streaming frame 120/1378 (3 workers)
  ███████░░░░░░░░░░░░░░░░░░  31%  Streaming frame 150/1378 (3 workers)
[INFO] [Render] drawElement self-verify passed {"renderJobId":"31a0f016-e5d7-48fe-b6ef-14d488b6a761","frame":172,"psnrDb":"inf"}
  ████████░░░░░░░░░░░░░░░░░  32%  Streaming frame 180/1378 (3 workers)
  ████████░░░░░░░░░░░░░░░░░  33%  Streaming frame 210/1378 (3 workers)
  ████████░░░░░░░░░░░░░░░░░  35%  Streaming frame 240/1378 (3 workers)
  █████████░░░░░░░░░░░░░░░░  36%  Streaming frame 270/1378 (3 workers)
  █████████░░░░░░░░░░░░░░░░  37%  Streaming frame 300/1378 (3 workers)
  █████████░░░░░░░░░░░░░░░░  38%  Streaming frame 330/1378 (3 workers)
[INFO] [Render] drawElement self-verify passed {"renderJobId":"31a0f016-e5d7-48fe-b6ef-14d488b6a761","frame":344,"psnrDb":51.8}
  █████████░░░░░░░░░░░░░░░░  39%  Streaming frame 360/1378 (3 workers)
  ██████████░░░░░░░░░░░░░░░  41%  Streaming frame 390/1378 (3 workers)
  ██████████░░░░░░░░░░░░░░░  42%  Streaming frame 420/1378 (3 workers)
  ██████████░░░░░░░░░░░░░░░  43%  Streaming frame 450/1378 (3 workers)
  ███████████░░░░░░░░░░░░░░  44%  Streaming frame 480/1378 (3 workers)
  ███████████░░░░░░░░░░░░░░  45%  Streaming frame 510/1378 (3 workers)
[INFO] [Render] drawElement self-verify passed {"renderJobId":"31a0f016-e5d7-48fe-b6ef-14d488b6a761","frame":516,"psnrDb":52.5}
  ███████████░░░░░░░░░░░░░░  47%  Streaming frame 540/1378 (3 workers)
  ████████████░░░░░░░░░░░░░  48%  Streaming frame 570/1378 (3 workers)
  ████████████░░░░░░░░░░░░░  49%  Streaming frame 600/1378 (3 workers)
  ████████████░░░░░░░░░░░░░  50%  Streaming frame 630/1378 (3 workers)
  ████████████░░░░░░░░░░░░░  51%  Streaming frame 660/1378 (3 workers)
[INFO] [Render] drawElement self-verify passed {"renderJobId":"31a0f016-e5d7-48fe-b6ef-14d488b6a761","frame":689,"psnrDb":52.2}
  █████████████░░░░░░░░░░░░  53%  Streaming frame 690/1378 (3 workers)
  █████████████░░░░░░░░░░░░  54%  Streaming frame 720/1378 (3 workers)
  █████████████░░░░░░░░░░░░  55%  Streaming frame 750/1378 (3 workers)
  ██████████████░░░░░░░░░░░  56%  Streaming frame 780/1378 (3 workers)
  ██████████████░░░░░░░░░░░  57%  Streaming frame 810/1378 (3 workers)
  ██████████████░░░░░░░░░░░  59%  Streaming frame 840/1378 (3 workers)
[INFO] [Render] drawElement self-verify passed {"renderJobId":"31a0f016-e5d7-48fe-b6ef-14d488b6a761","frame":861,"psnrDb":53.7}
  ███████████████░░░░░░░░░░  60%  Streaming frame 870/1378 (3 workers)
  ███████████████░░░░░░░░░░  61%  Streaming frame 900/1378 (3 workers)
  ███████████████░░░░░░░░░░  62%  Streaming frame 930/1378 (3 workers)
  ███████████████░░░░░░░░░░  63%  Streaming frame 960/1378 (3 workers)
  ████████████████░░░░░░░░░  65%  Streaming frame 990/1378 (3 workers)
  ████████████████░░░░░░░░░  66%  Streaming frame 1020/1378 (3 workers)
[INFO] [Render] drawElement self-verify passed {"renderJobId":"31a0f016-e5d7-48fe-b6ef-14d488b6a761","frame":1033,"psnrDb":"inf"}
  ████████████████░░░░░░░░░  67%  Streaming frame 1050/1378 (3 workers)
  █████████████████░░░░░░░░  68%  Streaming frame 1080/1378 (3 workers)
  █████████████████░░░░░░░░  69%  Streaming frame 1110/1378 (3 workers)
  █████████████████░░░░░░░░  71%  Streaming frame 1140/1378 (3 workers)
  ██████████████████░░░░░░░  72%  Streaming frame 1170/1378 (3 workers)
  ██████████████████░░░░░░░  73%  Streaming frame 1200/1378 (3 workers)
[INFO] [Render] drawElement self-verify passed {"renderJobId":"31a0f016-e5d7-48fe-b6ef-14d488b6a761","frame":1205,"psnrDb":51}
  ██████████████████░░░░░░░  74%  Streaming frame 1230/1378 (3 workers)
  ██████████████████░░░░░░░  75%  Streaming frame 1260/1378 (3 workers)
  ███████████████████░░░░░░  76%  Streaming frame 1290/1378 (3 workers)
[INFO] [Render] drawElement self-verify passed {"renderJobId":"31a0f016-e5d7-48fe-b6ef-14d488b6a761","frame":1308,"psnrDb":50.6}
  ███████████████████░░░░░░  78%  Streaming frame 1320/1378 (3 workers)
  ███████████████████░░░░░░  79%  Streaming frame 1350/1378 (3 workers)
  ████████████████████░░░░░  80%  Streaming frame 1378/1378 (3 workers)
[INFO] [Render:trace] {"renderJobId":"31a0f016-e5d7-48fe-b6ef-14d488b6a761","phase":"capture_streaming","status":"end","elapsedMs":32534,"durationMs":27775,"stagePhase":"capturing","workerCount":3,"forceScreenshot":false,"totalFrames":1378,"framesCompleted":1378,"captureMode":"drawelement","captureOperation":"encode"}
[INFO] [Render:trace] {"renderJobId":"31a0f016-e5d7-48fe-b6ef-14d488b6a761","phase":"assemble","status":"start","elapsedMs":32536,"stagePhase":"capturing","hasAudio":true,"workerCount":3,"forceScreenshot":false,"totalFrames":1378,"framesCompleted":1378,"captureMode":"drawelement","captureOperation":"encode"}
  ██████████████████████░░░  90%  Assembling final video
[INFO] [Render:trace] {"renderJobId":"31a0f016-e5d7-48fe-b6ef-14d488b6a761","phase":"assemble","status":"end","elapsedMs":35366,"durationMs":2830,"stagePhase":"capturing","hasAudio":true,"workerCount":3,"forceScreenshot":false,"totalFrames":1378,"framesCompleted":1378,"captureMode":"drawelement","captureOperation":"encode"}
[INFO] [Render:trace] {"renderJobId":"31a0f016-e5d7-48fe-b6ef-14d488b6a761","phase":"pipeline","status":"checkpoint","elapsedMs":35448,"message":"artifact validated","totalElapsedMs":35446}
  █████████████████████████  100%  Render complete

◇  D:\Project\Javascript\hyperframes-channel\videos\local-or-router-short\local-or-router-short.mp4
   2.3 MB · 45.9s video · rendered in 35.5s
   drawelement capture · hardware gpu · compile 1.1s · extract 0.0s · audio 2.8s · probe 0.3s · setup 0.8s · capture 27.8s · encode (during capture) 27.8s · assemble 2.8s
